// Jest Snapshot v1, https://goo.gl/fbAQLP

exports[`pages errors NotFoundPage should render NotFoundPage component 1`] = `
<div>
  404 - Not Found
</div>
`;
