// Jest Snapshot v1, https://goo.gl/fbAQLP

exports[`components DataListProvider should render DataListProvider component 1`] = `null`;
