// Jest Snapshot v1, https://goo.gl/fbAQLP

exports[`pages protected HomePage should render HomePage component 1`] = `
Array [
  .c0 {
  display: -webkit-box;
  display: -webkit-flex;
  display: -ms-flexbox;
  display: flex;
  -webkit-box-pack: start;
  -webkit-justify-content: flex-start;
  -ms-flex-pack: start;
  justify-content: flex-start;
}

@media (min-width:576px) {
  .c0 {
    -webkit-box-pack: end;
    -webkit-justify-content: flex-end;
    -ms-flex-pack: end;
    justify-content: flex-end;
  }
}

@media (min-width:768px) {
  .c0 {
    -webkit-box-pack: end;
    -webkit-justify-content: flex-end;
    -ms-flex-pack: end;
    justify-content: flex-end;
  }
}

<div
    data-props={
      Object {
        "alignContent": "flex-end",
        "alignItems": "flex-end",
        "container": true,
      }
    }
    id="MUI.Grid"
  >
    <div
      data-props={
        Object {
          "item": true,
          "sm": 6,
          "xs": 12,
        }
      }
      id="MUI.Grid"
    >
      <div
        data-props={
          Object {
            "category": "general",
            "title": "Deployments",
          }
        }
        id="PageTitle"
      />
    </div>
    <div
      data-props={
        Object {
          "alignContent": "flex-end",
          "alignItems": "flex-end",
          "item": true,
          "sm": 6,
          "xs": 12,
        }
      }
      id="MUI.Grid"
    >
      <div
        className="c0"
      >
        <div
          data-props={
            Object {
              "children": <DeploymentForm />,
              "drawerAnchor": "right",
              "renderButton": [Function],
            }
          }
          id="ToggleableDrawer"
        />
      </div>
    </div>
  </div>,
  @media (min-width:576px) {

}

@media (min-width:768px) {

}

<div
    data-props={Object {}}
    id="DeploymentsTableView"
  />,
]
`;
