// Jest Snapshot v1, https://goo.gl/fbAQLP

exports[`components DataListContainer should render DataListContainer with records data  1`] = `
Array [
  <div
    data-props={Object {}}
    id="RecordsInfo"
  />,
  .c0 {
  -webkit-flex: 1 1 auto;
  -ms-flex: 1 1 auto;
  flex: 1 1 auto;
  display: -webkit-box;
  display: -webkit-flex;
  display: -ms-flexbox;
  display: flex;
  -webkit-flex-direction: column;
  -ms-flex-direction: column;
  flex-direction: column;
}

.c1 {
  -webkit-flex: 1 1 auto;
  -ms-flex: 1 1 auto;
  flex: 1 1 auto;
  display: -webkit-box;
  display: -webkit-flex;
  display: -ms-flexbox;
  display: flex;
  padding: 0;
}

.c1 > div {
  overflow: scroll;
  -webkit-flex: 1 1 auto;
  -ms-flex: 1 1 auto;
  flex: 1 1 auto;
  position: relative;
}

.c2 {
  -webkit-box-pack: end;
  -webkit-justify-content: flex-end;
  -ms-flex-pack: end;
  justify-content: flex-end;
  padding: 0;
}

<div
    className="c0"
    data-props={Object {}}
    id="MUI.Card"
  >
    <div
      data-props={
        Object {
          "title": "test_title",
        }
      }
      id="MUI.CardHeader"
    />
    <div
      data-props={Object {}}
      id="MUI.Divider"
    />
    <div
      className="c1"
      data-props={Object {}}
      id="MUI.CardContent"
    >
      Some childs
    </div>
    <div
      className="c2"
      data-props={Object {}}
      id="MUI.CardActions"
    >
      <div
        data-props={Object {}}
        id="DataListPagination"
      />
    </div>
  </div>,
]
`;
